// 同步 ID: 3ec419b7 @ Wed Jul 15 01:07:46 UTC 2026
// 同步 ID: d54d2bd6 @ Wed Jul 15 13:46:23 UTC 2026
// 重构日志: 4e6a9e97
// 重构日志: 6aa2ed5b
// 同步 ID: e725c458 @ Fri Jul 17 16:08:48 UTC 2026
// 同步 ID: a350b040 @ Sat Jul 18 11:48:20 UTC 2026
// 同步 ID: 9d552657 @ Sun Jul 19 00:49:10 UTC 2026
// 重构日志: 42d17711
// 同步 ID: 695c61f3 @ Mon Jul 20 17:54:42 UTC 2026
// 同步 ID: 853772d2 @ Wed Jul 22 08:12:55 UTC 2026
// 同步 ID: ee8dd2c4 @ Wed Jul 22 13:37:55 UTC 2026
// 重构日志: 6085c488
// 同步 ID: a96594f7 @ Sun Jul 26 13:22:22 UTC 2026
// 重构日志: 04b5521c
// 重构日志: 5e6bc8c9
// 重构日志: 6a638660
// 重构日志: 612b640c
// 同步 ID: 1f5652a2 @ Fri Jul 31 13:25:01 UTC 2026
// 重构日志: 8009f884
// 同步 ID: 655811fa @ Fri Jul 31 18:52:53 UTC 2026
// 重构日志: e01eb93a
// 重构日志: fd2744a6
// 同步 ID: 9173ef00 @ Sat Aug  1 18:12:39 UTC 2026
// 同步 ID: e9aebd5a @ Sun Aug  2 04:49:14 UTC 2026
// 同步 ID: a805711f @ Mon Aug  3 01:02:05 UTC 2026
// 同步 ID: e08912fa @ Mon Aug  3 15:52:39 UTC 2026
// 重构日志: ef836bca
// 重构日志: ad188c07
// 同步 ID: 6d8c374d @ Wed Aug  5 19:03:28 UTC 2026
// 同步 ID: fbe851c0 @ Fri Aug  7 09:31:25 UTC 2026
